Copyright 1986-2022 Xilinx, Inc. All Rights Reserved. Copyright 2022-2025 Advanced Micro Devices, Inc. All Rights Reserved.
---------------------------------------------------------------------------------------------------------------------------------------------
| Tool Version : Vivado v.2025.2 (win64) Build 6299465 Fri Nov 14 19:35:11 GMT 2025
| Date         : Sat May 16 14:14:03 2026
| Host         : NhatHuy running 64-bit major release  (build 9200)
| Command      : report_control_sets -verbose -file dma_top_control_sets_placed.rpt
| Design       : dma_top
| Device       : xc7z010
---------------------------------------------------------------------------------------------------------------------------------------------

Control Set Information

Table of Contents
-----------------
1. Summary
2. Histogram
3. Flip-Flop Distribution
4. Detailed Control Set Information

1. Summary
----------

+----------------------------------------------------------+-------+
|                          Status                          | Count |
+----------------------------------------------------------+-------+
| Total control sets                                       |    64 |
|    Minimum number of control sets                        |    64 |
|    Addition due to synthesis replication                 |     0 |
|    Addition due to physical synthesis replication        |     0 |
| Unused register locations in slices containing registers |   102 |
+----------------------------------------------------------+-------+
* Control sets can be merged at opt_design using control_set_merge or merge_equivalent_drivers
** Run report_qor_suggestions for automated merging and remapping suggestions


2. Histogram
------------

+--------------------+-------+
|       Fanout       | Count |
+--------------------+-------+
| Total control sets |    64 |
| >= 0 to < 4        |     8 |
| >= 4 to < 6        |     6 |
| >= 6 to < 8        |     4 |
| >= 8 to < 10       |    29 |
| >= 10 to < 12      |     0 |
| >= 12 to < 14      |     8 |
| >= 14 to < 16      |     0 |
| >= 16              |     9 |
+--------------------+-------+
* Control sets can be remapped at either synth_design or opt_design


3. Flip-Flop Distribution
-------------------------

+--------------+-----------------------+------------------------+-----------------+--------------+
| Clock Enable | Synchronous Set/Reset | Asynchronous Set/Reset | Total Registers | Total Slices |
+--------------+-----------------------+------------------------+-----------------+--------------+
| No           | No                    | No                     |               4 |            4 |
| No           | No                    | Yes                    |               0 |            0 |
| No           | Yes                   | No                     |              38 |           14 |
| Yes          | No                    | No                     |               0 |            0 |
| Yes          | No                    | Yes                    |               0 |            0 |
| Yes          | Yes                   | No                     |             528 |          171 |
+--------------+-----------------------+------------------------+-----------------+--------------+


4. Detailed Control Set Information
-----------------------------------

+----------------+------------------------------------------------+-----------------------+------------------+----------------+--------------+
|  Clock Signal  |                  Enable Signal                 |    Set/Reset Signal   | Slice Load Count | Bel Load Count | Bels / Slice |
+----------------+------------------------------------------------+-----------------------+------------------+----------------+--------------+
|  clk_IBUF_BUFG | CH_INST[2].u_ch/dack_i_1__0_n_0                | CH_INST[0].u_ch/SR[0] |                1 |              1 |         1.00 |
|  clk_IBUF_BUFG | CH_INST[0].u_ch/busy_i_1__2_n_0                | CH_INST[0].u_ch/SR[0] |                1 |              1 |         1.00 |
|  clk_IBUF_BUFG | CH_INST[0].u_ch/dack_i_1__2_n_0                | CH_INST[0].u_ch/SR[0] |                1 |              1 |         1.00 |
|  clk_IBUF_BUFG | CH_INST[1].u_ch/dack_i_1__1_n_0                | CH_INST[0].u_ch/SR[0] |                1 |              1 |         1.00 |
|  clk_IBUF_BUFG | CH_INST[2].u_ch/busy_i_1__0_n_0                | CH_INST[0].u_ch/SR[0] |                1 |              1 |         1.00 |
|  clk_IBUF_BUFG | CH_INST[1].u_ch/busy_i_1__1_n_0                | CH_INST[0].u_ch/SR[0] |                1 |              1 |         1.00 |
|  clk_IBUF_BUFG | CH_INST[3].u_ch/busy_i_1_n_0                   | CH_INST[0].u_ch/SR[0] |                1 |              1 |         1.00 |
|  clk_IBUF_BUFG | CH_INST[3].u_ch/dack_i_1_n_0                   | CH_INST[0].u_ch/SR[0] |                1 |              1 |         1.00 |
|  clk_IBUF_BUFG |                                                |                       |                4 |              4 |         1.00 |
|  clk_IBUF_BUFG |                                                | ch_start[3]_i_1_n_0   |                2 |              4 |         2.00 |
|  clk_IBUF_BUFG | FIFO_INST[0].u_fifo/wp0                        | CH_INST[0].u_ch/SR[0] |                1 |              5 |         5.00 |
|  clk_IBUF_BUFG | FIFO_INST[1].u_fifo/wp0                        | CH_INST[0].u_ch/SR[0] |                2 |              5 |         2.50 |
|  clk_IBUF_BUFG | FIFO_INST[2].u_fifo/wp0                        | CH_INST[0].u_ch/SR[0] |                2 |              5 |         2.50 |
|  clk_IBUF_BUFG | FIFO_INST[3].u_fifo/wp0                        | CH_INST[0].u_ch/SR[0] |                1 |              5 |         5.00 |
|  clk_IBUF_BUFG | CH_INST[2].u_ch/FSM_onehot_state[5]_i_1__1_n_0 | CH_INST[0].u_ch/SR[0] |                3 |              6 |         2.00 |
|  clk_IBUF_BUFG | CH_INST[1].u_ch/FSM_onehot_state[5]_i_1__2_n_0 | CH_INST[0].u_ch/SR[0] |                2 |              6 |         3.00 |
|  clk_IBUF_BUFG | CH_INST[0].u_ch/FSM_onehot_state[5]_i_1_n_0    | CH_INST[0].u_ch/SR[0] |                2 |              6 |         3.00 |
|  clk_IBUF_BUFG | CH_INST[3].u_ch/FSM_onehot_state[5]_i_1__0_n_0 | CH_INST[0].u_ch/SR[0] |                1 |              6 |         6.00 |
|  clk_IBUF_BUFG | ch_byte_count[3][7]_i_1_n_0                    | CH_INST[0].u_ch/SR[0] |                3 |              8 |         2.67 |
|  clk_IBUF_BUFG | ch_dst_addr[3][7]_i_1_n_0                      | CH_INST[0].u_ch/SR[0] |                3 |              8 |         2.67 |
|  clk_IBUF_BUFG | ch_dst_addr[2][7]_i_1_n_0                      | CH_INST[0].u_ch/SR[0] |                1 |              8 |         8.00 |
|  clk_IBUF_BUFG | ch_crc_exp[3][7]_i_1_n_0                       | CH_INST[0].u_ch/SR[0] |                2 |              8 |         4.00 |
|  clk_IBUF_BUFG | ch_dst_addr[0][7]_i_1_n_0                      | CH_INST[0].u_ch/SR[0] |                2 |              8 |         4.00 |
|  clk_IBUF_BUFG | ch_dst_addr[2][15]_i_1_n_0                     | CH_INST[0].u_ch/SR[0] |                3 |              8 |         2.67 |
|  clk_IBUF_BUFG | ch_dst_addr[3][15]_i_1_n_0                     | CH_INST[0].u_ch/SR[0] |                2 |              8 |         4.00 |
|  clk_IBUF_BUFG | ch_crc_exp[2][7]_i_1_n_0                       | CH_INST[0].u_ch/SR[0] |                1 |              8 |         8.00 |
|  clk_IBUF_BUFG | ch_crc_exp[1][7]_i_1_n_0                       | CH_INST[0].u_ch/SR[0] |                2 |              8 |         4.00 |
|  clk_IBUF_BUFG | ch_dst_addr[0][15]_i_1_n_0                     | CH_INST[0].u_ch/SR[0] |                2 |              8 |         4.00 |
|  clk_IBUF_BUFG | ch_dst_addr[1][15]_i_1_n_0                     | CH_INST[0].u_ch/SR[0] |                3 |              8 |         2.67 |
|  clk_IBUF_BUFG | ch_dst_addr[1][7]_i_1_n_0                      | CH_INST[0].u_ch/SR[0] |                2 |              8 |         4.00 |
|  clk_IBUF_BUFG | ch_crc_exp[0]                                  | CH_INST[0].u_ch/SR[0] |                2 |              8 |         4.00 |
|  clk_IBUF_BUFG | CH_INST[0].u_ch/E[0]                           | CH_INST[0].u_ch/SS[0] |                4 |              8 |         2.00 |
|  clk_IBUF_BUFG | CH_INST[0].u_ch/timeout_cnt[7]_i_1_n_0         | CH_INST[0].u_ch/SR[0] |                3 |              8 |         2.67 |
|  clk_IBUF_BUFG | CH_INST[1].u_ch/E[0]                           | CH_INST[1].u_ch/SS[0] |                4 |              8 |         2.00 |
|  clk_IBUF_BUFG | CH_INST[1].u_ch/timeout_cnt[7]_i_1__0_n_0      | CH_INST[0].u_ch/SR[0] |                2 |              8 |         4.00 |
|  clk_IBUF_BUFG | CH_INST[2].u_ch/timeout_cnt[7]_i_1__1_n_0      | CH_INST[0].u_ch/SR[0] |                2 |              8 |         4.00 |
|  clk_IBUF_BUFG | CH_INST[2].u_ch/E[0]                           | CH_INST[2].u_ch/SS[0] |                4 |              8 |         2.00 |
|  clk_IBUF_BUFG | ch_byte_count[1][7]_i_1_n_0                    | CH_INST[0].u_ch/SR[0] |                4 |              8 |         2.00 |
|  clk_IBUF_BUFG | ch_byte_count[2][15]_i_1_n_0                   | CH_INST[0].u_ch/SR[0] |                4 |              8 |         2.00 |
|  clk_IBUF_BUFG | ch_byte_count[2][7]_i_1_n_0                    | CH_INST[0].u_ch/SR[0] |                2 |              8 |         4.00 |
|  clk_IBUF_BUFG | CH_INST[3].u_ch/timeout_cnt[7]_i_1__2_n_0      | CH_INST[0].u_ch/SR[0] |                3 |              8 |         2.67 |
|  clk_IBUF_BUFG | ch_byte_count[0][15]_i_1_n_0                   | CH_INST[0].u_ch/SR[0] |                2 |              8 |         4.00 |
|  clk_IBUF_BUFG | CH_INST[3].u_ch/E[0]                           | CH_INST[3].u_ch/SS[0] |                3 |              8 |         2.67 |
|  clk_IBUF_BUFG | u_irq/imr0                                     | CH_INST[0].u_ch/SR[0] |                2 |              8 |         4.00 |
|  clk_IBUF_BUFG | ch_byte_count[3][15]_i_1_n_0                   | CH_INST[0].u_ch/SR[0] |                2 |              8 |         4.00 |
|  clk_IBUF_BUFG | ch_byte_count[0][7]_i_1_n_0                    | CH_INST[0].u_ch/SR[0] |                1 |              8 |         8.00 |
|  clk_IBUF_BUFG | ch_byte_count[1][15]_i_1_n_0                   | CH_INST[0].u_ch/SR[0] |                2 |              8 |         4.00 |
|  clk_IBUF_BUFG | FIFO_INST[0].u_fifo/p_0_in__0                  |                       |                2 |             12 |         6.00 |
|  clk_IBUF_BUFG | FIFO_INST[1].u_fifo/p_0_in__1                  |                       |                2 |             12 |         6.00 |
|  clk_IBUF_BUFG | FIFO_INST[2].u_fifo/p_0_in__2                  |                       |                2 |             12 |         6.00 |
|  clk_IBUF_BUFG | FIFO_INST[3].u_fifo/p_0_in__3                  |                       |                2 |             12 |         6.00 |
|  clk_IBUF_BUFG | CH_INST[0].u_ch/fifo_rd_en_reg_0[0]            | CH_INST[0].u_ch/SR[0] |                3 |             13 |         4.33 |
|  clk_IBUF_BUFG | CH_INST[1].u_ch/fifo_rd_en_reg_0[0]            | CH_INST[0].u_ch/SR[0] |                3 |             13 |         4.33 |
|  clk_IBUF_BUFG | CH_INST[3].u_ch/fifo_rd_en_reg_0[0]            | CH_INST[0].u_ch/SR[0] |                3 |             13 |         4.33 |
|  clk_IBUF_BUFG | CH_INST[2].u_ch/fifo_rd_en_reg_0[0]            | CH_INST[0].u_ch/SR[0] |                3 |             13 |         4.33 |
|  clk_IBUF_BUFG | CH_INST[3].u_ch/fifo_rd_en_i_1__0_n_0          | CH_INST[0].u_ch/SR[0] |                4 |             16 |         4.00 |
|  clk_IBUF_BUFG | CH_INST[0].u_ch/fifo_rd_en_i_1_n_0             | CH_INST[0].u_ch/SR[0] |                6 |             16 |         2.67 |
|  clk_IBUF_BUFG | CH_INST[2].u_ch/fifo_rd_en_i_1__1_n_0          | CH_INST[0].u_ch/SR[0] |                5 |             16 |         3.20 |
|  clk_IBUF_BUFG | CH_INST[1].u_ch/fifo_rd_en_i_1__2_n_0          | CH_INST[0].u_ch/SR[0] |                7 |             16 |         2.29 |
|  clk_IBUF_BUFG | CH_INST[1].u_ch/bcr[15]_i_1__2_n_0             | CH_INST[0].u_ch/SR[0] |               10 |             32 |         3.20 |
|  clk_IBUF_BUFG | CH_INST[0].u_ch/bcr[15]_i_1_n_0                | CH_INST[0].u_ch/SR[0] |               10 |             32 |         3.20 |
|  clk_IBUF_BUFG | CH_INST[2].u_ch/bcr[15]_i_1__1_n_0             | CH_INST[0].u_ch/SR[0] |               11 |             32 |         2.91 |
|  clk_IBUF_BUFG | CH_INST[3].u_ch/bcr[15]_i_1__0_n_0             | CH_INST[0].u_ch/SR[0] |               12 |             32 |         2.67 |
|  clk_IBUF_BUFG |                                                | CH_INST[0].u_ch/SR[0] |               12 |             34 |         2.83 |
+----------------+------------------------------------------------+-----------------------+------------------+----------------+--------------+


